// Jest Snapshot v1, https://goo.gl/fbAQLP

exports[`MainTitle should render a h1 1`] = `
<h1
  className="MainTitle-t06k78-0 fhKEiU"
>
  Hello
</h1>
`;
