// Jest Snapshot v1, https://goo.gl/fbAQLP

exports[`SecondaryTitle should render a h2 1`] = `
<h2
  className="SecondaryTitle-s1xe5dts-0 jyEaKI"
>
  Hello
</h2>
`;
